" Use ctrl-[hjkl] to select the active split!
" ctrl- doesn't seem to work, alt- does
"nmap <silent> <c-k> :wincmd k<CR>
"nmap <silent> <c-j> :wincmd j<CR>
"nmap <silent> <c-h> :wincmd h<CR>
"nmap <silent> <c-l> :wincmd l<CR>
nmap <silent> <a-k> :wincmd k<CR>
nmap <silent> <a-j> :wincmd j<CR>
nmap <silent> <a-h> :wincmd h<CR>
nmap <silent> <a-l> :wincmd l<CR>

"different way to do above
"map <a-k> <c-w>k
"map <a-j> <c-w>j
"map <a-h> <c-w>h
"map <a-l> <c-w>l

let mapleader=' '

" leader l clears search highlighting
nnoremap <nowait><silent> <leader>l :noh<CR>

"" base64-encode(visual-selection) -> F2 -> encoded base64-string
"" macos base64 now accepts `-d` so no longer need if/else - bm 2024-12-04
"if has ('macunix')
"  :vnoremap <F2>        c<c-r>=system('base64', @")<cr><esc>
"  :vnoremap <leader>e c<c-r>=system('base64', @")<cr><esc>
"elseif has('unix')
"  :vnoremap <F2> c<c-r>=system('base64 -w 0', @")<cr><esc>
"  :vnoremap <leader>64e c<c-r>=system('base64 -w 0', @")<cr><esc>
"endif

"" base64-decode(visual-selection) -> F3 -> decoded string
" if has ('macunix')
"  :vnoremap <F3> c<c-r>=system('base64 -D', @")<cr><esc>
"  :vnoremap <leader>d c<c-r>=system('base64 -D', @")<cr><esc>
"elseif has('unix')
"  :vnoremap <F3> c<c-r>=system('base64 -d', @")<cr>
"  :vnoremap <leader>64d c<c-r>=system('base64 -d', @")<cr>
"endif

vnoremap <leader>e c<c-r>=system('base64 -w 0', @")<cr><esc>
vnoremap <leader>d c<c-r>=system('base64 -d', @")<cr>

"ALE offers some commands with <Plug> keybinds for moving between warnings and errors quickly.
"You can map the keys Ctrl+j and Ctrl+k to moving between errors for example:
nmap <silent> <C-k> <Plug>(ale_previous_wrap)
nmap <silent> <C-j> <Plug>(ale_next_wrap)
